 Output of the            1 processor.
 Job_path is :/mnt/d/workfiles/Gitfiles/LVCSH-mpi/example/test
 Work_path is :/mnt/d/workfiles/Gitfiles/LVCSH-mpi/example/test/001
